[backblue.gif]
[fade.gif]
[index.html]
[www.prepbootstrap.com/Content/js/jquery-1.10.2.min.js]
[www.prepbootstrap.com/Content/js/single-page-admin/bootstrap.js]
[www.prepbootstrap.com/Content/js/single-page-admin/lineandbars.js]
[www.prepbootstrap.com/Content/js/single-page-admin/dash-charts.js]
[www.prepbootstrap.com/Content/js/single-page-admin/gauge.js]
[www.prepbootstrap.com/Content/js/single-page-admin/noty/jquery.noty.js]
[www.prepbootstrap.com/Content/js/single-page-admin/noty/layouts/top.js]
[www.prepbootstrap.com/Content/js/single-page-admin/noty/layouts/topLeft.js]
[www.prepbootstrap.com/Content/js/single-page-admin/noty/layouts/topRight.js]
[www.prepbootstrap.com/Content/js/single-page-admin/noty/layouts/topCenter.js]
[www.prepbootstrap.com/Content/js/single-page-admin/noty/themes/default.js]
[www.prepbootstrap.com/Content/js/single-page-admin/jquery.flexslider.js]
[www.prepbootstrap.com/Content/js/single-page-admin/admin.js]
[www.prepbootstrap.com/Content/images/shared/single-page-admin/logo30.png]
[code.highcharts.com/highcharts.js]
[www.prepbootstrap.com/Content/images/shared/single-page-admin/face80x80.jpg]
[www.prepbootstrap.com/Content/images/shared/single-page-admin/up.png]
[www.prepbootstrap.com/Content/images/shared/single-page-admin/photo01.jpg]
[png-1.findicons.com/files/icons/2232/wireframe_mono/16/undo.png]
[png-1.findicons.com/files/icons/2232/wireframe_mono/16/star_fav.png]
[png-4.findicons.com/files/icons/2232/wireframe_mono/16/tag.png]
[png-4.findicons.com/files/icons/2232/wireframe_mono/16/trash.png]
[www.prepbootstrap.com/Content/images/shared/single-page-admin/photo02.jpg]
[www.prepbootstrap.com/Content/images/shared/single-page-admin/photo03.jpg]
[www.prepbootstrap.com/Content/images/shared/single-page-admin/photo04.jpg]
[www.prepbootstrap.com/Content/images/shared/single-page-admin/up-small.png]
[www.prepbootstrap.com/Content/images/shared/single-page-admin/slide01.png]
[www.prepbootstrap.com/Content/images/shared/single-page-admin/slide02.png]
[www.prepbootstrap.com/Content/images/shared/single-page-admin/down-small.png]
[twitter.com/javascripts/blogger.26.delayed]
[www.prepbootstrap.com/Content/images/shared/single-page-admin/user-avatar.jpg]
[www.prepbootstrap.com/Content/images/shared/single-page-admin/logo.png]
[www.prepbootstrap.com/bootstrap-theme/single-page-admin/preview/index.html]
[www.prepbootstrap.com/bootstrap-theme/single-page-admin/preview/bootstrap/fonts/glyphicons-halflings-regular.eot]
[www.prepbootstrap.com/bootstrap-theme/single-page-admin/preview/bootstrap/fonts/glyphicons-halflings-regular.woff2]
[www.prepbootstrap.com/bootstrap-theme/single-page-admin/preview/bootstrap/fonts/glyphicons-halflings-regulard41d.eot]
[www.prepbootstrap.com/bootstrap-theme/single-page-admin/preview/bootstrap/fonts/glyphicons-halflings-regular.woff]
[www.prepbootstrap.com/bootstrap-theme/single-page-admin/preview/bootstrap/fonts/glyphicons-halflings-regular.ttf]
[www.prepbootstrap.com/bootstrap-theme/single-page-admin/preview/bootstrap/css/bootstrap.min.css]
[www.prepbootstrap.com/Content/css/single-page-admin/main.css]
[www.prepbootstrap.com/Content/css/single-page-admin/font-style.css]
[www.prepbootstrap.com/Content/css/single-page-admin/flexslider.css]
[ajax.googleapis.com/ajax/libs/jquery/1.8.2/jquery.min.js]
[www.prepbootstrap.com/bootstrap-theme/single-page-admin/preview/tables.html]
[www.prepbootstrap.com/Content/js/single-page-admin/jquery.validate.js]
[www.prepbootstrap.com/Content/images/shared/single-page-admin/bg.jpg]
[www.prepbootstrap.com/bootstrap-theme/single-page-admin/preview/login.html]
[www.prepbootstrap.com/Content/images/shared/single-page-admin/face.jpg]
[www.prepbootstrap.com/bootstrap-theme/single-page-admin/preview/user.html]
[www.prepbootstrap.com/Content/js/single-page-admin/datatables/jquery.dataTables.js]
[twitter.com/javascripts/blogger.html]
[www.prepbootstrap.com/bootstrap-theme/single-page-admin/preview/bootstrap/fonts/glyphicons-halflings-regular.svg]
[www.prepbootstrap.com/Content/css/img/sep-half.html]
[www.prepbootstrap.com/Content/css/single-page-admin/fonts/linecons.html]
[www.prepbootstrap.com/Content/css/img/bg_direction_nav.html]
[www.prepbootstrap.com/Content/css/single-page-admin/table.css]
[www.prepbootstrap.com/Content/css/single-page-admin/login.css]
[www.prepbootstrap.com/bootstrap-theme/single-page-admin/preview/dashboard.html]
[www.prepbootstrap.com/Content/css/single-page-admin/bootstrap.css]
[www.prepbootstrap.com/Content/css/single-page-admin/register.css]
[www.prepbootstrap.com/Content/css/images/back_disabled.html]
[www.prepbootstrap.com/Content/css/images/back_enabled.html]
[www.prepbootstrap.com/Content/css/images/back_enabled_hover.html]
[www.prepbootstrap.com/Content/css/images/forward_disabled.html]
[www.prepbootstrap.com/Content/css/images/forward_enabled.html]
[www.prepbootstrap.com/Content/css/images/forward_enabled_hover.html]
